// Jest Snapshot v1, https://goo.gl/fbAQLP

exports[`should render MapComponent correctly 1`] = `
<withGoogleMap(Map)
  className="map-component"
  containerElement={
    <div
      style={
        Object {
          "border": "1px solid green",
          "height": "400px",
          "width": "66%",
        }
      }
    />
  }
  loadingElement={
    <div
      style={
        Object {
          "height": "100%",
        }
      }
    />
  }
  mapElement={
    <div
      style={
        Object {
          "height": "100%",
        }
      }
    />
  }
  pathCoords={
    Array [
      Object {
        "lat": 56.80950300000001,
        "lng": 60.606506999999965,
      },
      Object {
        "lat": 56.8073729,
        "lng": 60.62031009999998,
      },
      Object {
        "lat": 56.854948,
        "lng": 60.661017000000015,
      },
    ]
  }
  points={
    Array [
      Object {
        "latLng": Object {
          "lat": 56.80950300000001,
          "lng": 60.606506999999965,
        },
        "pointId": "ChIJc8sXNttuwUMRWSTSqEBCxrY",
        "pointName": "Point one",
      },
      Object {
        "latLng": Object {
          "lat": 56.8073729,
          "lng": 60.62031009999998,
        },
        "pointId": "ChIJASguT89uwUMRMbx0H8V2uNk",
        "pointName": "Point two",
      },
      Object {
        "latLng": Object {
          "lat": 56.854948,
          "lng": 60.661017000000015,
        },
        "pointId": "ChIJ6TiVJjVswUMRRi8Evo28BM4",
        "pointName": "Point three",
      },
    ]
  }
/>
`;
